This is pdfTeX, Version 3.141592653-2.6-1.40.29 (TeX Live 2026) (preloaded format=pdflatex 2026.5.11)  11 MAY 2026 13:34
entering extended mode
 restricted \write18 enabled.
 %&-line parsing enabled.
**C:/Users/timothy.j.miller/Documents/work/SSRTWG/SSRTWG/Ecov_study/mortality/manuscript/manuscript_R2_marked_fixed.tex
(c:/Users/timothy.j.miller/Documents/work/SSRTWG/SSRTWG/Ecov_study/mortality/manuscript/manuscript_R2_marked_fixed.tex
LaTeX2e <2025-11-01>
L3 programming layer <2026-03-20>
(c:/Users/timothy.j.miller/AppData/Roaming/TinyTeX/texmf-dist/tex/latex/base/article.cls
Document Class: article 2025/01/22 v1.4n Standard LaTeX document class
(c:/Users/timothy.j.miller/AppData/Roaming/TinyTeX/texmf-dist/tex/latex/base/size12.clo
File: size12.clo 2025/01/22 v1.4n Standard LaTeX file (size option)
)
\c@part=\count275
\c@section=\count276
\c@subsection=\count277
\c@subsubsection=\count278
\c@paragraph=\count279
\c@subparagraph=\count280
\c@figure=\count281
\c@table=\count282
\abovecaptionskip=\skip49
\belowcaptionskip=\skip50
\bibindent=\dimen150
) (c:/Users/timothy.j.miller/AppData/Roaming/TinyTeX/texmf-dist/tex/latex/xcolor/xcolor.sty
Package: xcolor 2024/09/29 v3.02 LaTeX color extensions (UK)
(c:/Users/timothy.j.miller/AppData/Roaming/TinyTeX/texmf-dist/tex/latex/graphics-cfg/color.cfg
File: color.cfg 2016/01/02 v1.6 sample color configuration
)
Package xcolor Info: Driver file: pdftex.def on input line 274.
(c:/Users/timothy.j.miller/AppData/Roaming/TinyTeX/texmf-dist/tex/latex/graphics-def/pdftex.def
File: pdftex.def 2025/09/29 v1.2d Graphics/color driver for pdftex
) (c:/Users/timothy.j.miller/AppData/Roaming/TinyTeX/texmf-dist/tex/latex/graphics/mathcolor.ltx)
Package xcolor Info: Model `cmy' substituted by `cmy0' on input line 1349.
Package xcolor Info: Model `hsb' substituted by `rgb' on input line 1353.
Package xcolor Info: Model `RGB' extended on input line 1365.
Package xcolor Info: Model `HTML' substituted by `rgb' on input line 1367.
Package xcolor Info: Model `Hsb' substituted by `hsb' on input line 1368.
Package xcolor Info: Model `tHsb' substituted by `hsb' on input line 1369.
Package xcolor Info: Model `HSB' substituted by `hsb' on input line 1370.
Package xcolor Info: Model `Gray' substituted by `gray' on input line 1371.
Package xcolor Info: Model `wave' substituted by `hsb' on input line 1372.
) (c:/Users/timothy.j.miller/AppData/Roaming/TinyTeX/texmf-dist/tex/latex/geometry/geometry.sty
Package: geometry 2026/03/07 v6.0 Page Geometry
(c:/Users/timothy.j.miller/AppData/Roaming/TinyTeX/texmf-dist/tex/latex/graphics/keyval.sty
Package: keyval 2022/05/29 v1.15 key=value parser (DPC)
\KV@toks@=\toks17
) (c:/Users/timothy.j.miller/AppData/Roaming/TinyTeX/texmf-dist/tex/generic/iftex/ifvtex.sty
Package: ifvtex 2019/10/25 v1.7 ifvtex legacy package. Use iftex instead.
(c:/Users/timothy.j.miller/AppData/Roaming/TinyTeX/texmf-dist/tex/generic/iftex/iftex.sty
Package: iftex 2024/12/12 v1.0g TeX engine tests
))
\Gm@cnth=\count283
\Gm@cntv=\count284
\c@Gm@tempcnt=\count285
\Gm@bindingoffset=\dimen151
\Gm@wd@mp=\dimen152
\Gm@odd@mp=\dimen153
\Gm@even@mp=\dimen154
\Gm@layoutwidth=\dimen155
\Gm@layoutheight=\dimen156
\Gm@layouthoffset=\dimen157
\Gm@layoutvoffset=\dimen158
\Gm@dimlist=\toks18
) (c:/Users/timothy.j.miller/AppData/Roaming/TinyTeX/texmf-dist/tex/latex/amsmath/amsmath.sty
Package: amsmath 2025/07/09 v2.17z AMS math features
\@mathmargin=\skip51
For additional information on amsmath, use the `?' option.
(c:/Users/timothy.j.miller/AppData/Roaming/TinyTeX/texmf-dist/tex/latex/amsmath/amstext.sty
Package: amstext 2024/11/17 v2.01 AMS text
(c:/Users/timothy.j.miller/AppData/Roaming/TinyTeX/texmf-dist/tex/latex/amsmath/amsgen.sty
File: amsgen.sty 1999/11/30 v2.0 generic functions
\@emptytoks=\toks19
\ex@=\dimen159
)) (c:/Users/timothy.j.miller/AppData/Roaming/TinyTeX/texmf-dist/tex/latex/amsmath/amsbsy.sty
Package: amsbsy 1999/11/29 v1.2d Bold Symbols
\pmbraise@=\dimen160
) (c:/Users/timothy.j.miller/AppData/Roaming/TinyTeX/texmf-dist/tex/latex/amsmath/amsopn.sty
Package: amsopn 2022/04/08 v2.04 operator names
)
\inf@bad=\count286
LaTeX Info: Redefining \frac on input line 233.
\uproot@=\count287
\leftroot@=\count288
LaTeX Info: Redefining \overline on input line 398.
LaTeX Info: Redefining \colon on input line 409.
\classnum@=\count289
\DOTSCASE@=\count290
LaTeX Info: Redefining \ldots on input line 495.
LaTeX Info: Redefining \dots on input line 498.
LaTeX Info: Redefining \cdots on input line 619.
\Mathstrutbox@=\box53
\strutbox@=\box54
LaTeX Info: Redefining \big on input line 721.
LaTeX Info: Redefining \Big on input line 722.
LaTeX Info: Redefining \bigg on input line 723.
LaTeX Info: Redefining \Bigg on input line 724.
\big@size=\dimen161
LaTeX Font Info:    Redeclaring font encoding OML on input line 742.
LaTeX Font Info:    Redeclaring font encoding OMS on input line 743.
\macc@depth=\count291
LaTeX Info: Redefining \bmod on input line 904.
LaTeX Info: Redefining \pmod on input line 909.
LaTeX Info: Redefining \smash on input line 939.
LaTeX Info: Redefining \relbar on input line 969.
LaTeX Info: Redefining \Relbar on input line 970.
\c@MaxMatrixCols=\count292
\dotsspace@=\muskip17
\c@parentequation=\count293
\dspbrk@lvl=\count294
\tag@help=\toks20
\row@=\count295
\column@=\count296
\maxfields@=\count297
\andhelp@=\toks21
\eqnshift@=\dimen162
\alignsep@=\dimen163
\tagshift@=\dimen164
\tagwidth@=\dimen165
\totwidth@=\dimen166
\lineht@=\dimen167
\@envbody=\toks22
\multlinegap=\skip52
\multlinetaggap=\skip53
\mathdisplay@stack=\toks23
LaTeX Info: Redefining \[ on input line 2950.
LaTeX Info: Redefining \] on input line 2951.
) (c:/Users/timothy.j.miller/AppData/Roaming/TinyTeX/texmf-dist/tex/latex/amsfonts/amssymb.sty
Package: amssymb 2013/01/14 v3.01 AMS font symbols
(c:/Users/timothy.j.miller/AppData/Roaming/TinyTeX/texmf-dist/tex/latex/amsfonts/amsfonts.sty
Package: amsfonts 2013/01/14 v3.01 Basic AMSFonts support
\symAMSa=\mathgroup4
\symAMSb=\mathgroup5
LaTeX Font Info:    Redeclaring math symbol \hbar on input line 98.
LaTeX Font Info:    Overwriting math alphabet `\mathfrak' in version `bold'
(Font)                  U/euf/m/n --> U/euf/b/n on input line 106.
)) (c:/Users/timothy.j.miller/AppData/Roaming/TinyTeX/texmf-dist/tex/latex/base/fontenc.sty
Package: fontenc 2025/07/18 v2.1d Standard LaTeX package
) (c:/Users/timothy.j.miller/AppData/Roaming/TinyTeX/texmf-dist/tex/latex/base/inputenc.sty
Package: inputenc 2024/02/08 v1.3d Input encoding file
\inpenc@prehook=\toks24
\inpenc@posthook=\toks25
) (c:/Users/timothy.j.miller/AppData/Roaming/TinyTeX/texmf-dist/tex/latex/base/textcomp.sty
Package: textcomp 2024/04/24 v2.1b Standard LaTeX package
) (c:/Users/timothy.j.miller/AppData/Roaming/TinyTeX/texmf-dist/tex/latex/lm/lmodern.sty
Package: lmodern 2015/05/01 v1.6.1 Latin Modern Fonts
LaTeX Font Info:    Overwriting symbol font `operators' in version `normal'
(Font)                  OT1/cmr/m/n --> OT1/lmr/m/n on input line 22.
LaTeX Font Info:    Overwriting symbol font `letters' in version `normal'
(Font)                  OML/cmm/m/it --> OML/lmm/m/it on input line 23.
LaTeX Font Info:    Overwriting symbol font `symbols' in version `normal'
(Font)                  OMS/cmsy/m/n --> OMS/lmsy/m/n on input line 24.
LaTeX Font Info:    Overwriting symbol font `largesymbols' in version `normal'
(Font)                  OMX/cmex/m/n --> OMX/lmex/m/n on input line 25.
LaTeX Font Info:    Overwriting symbol font `operators' in version `bold'
(Font)                  OT1/cmr/bx/n --> OT1/lmr/bx/n on input line 26.
LaTeX Font Info:    Overwriting symbol font `letters' in version `bold'
(Font)                  OML/cmm/b/it --> OML/lmm/b/it on input line 27.
LaTeX Font Info:    Overwriting symbol font `symbols' in version `bold'
(Font)                  OMS/cmsy/b/n --> OMS/lmsy/b/n on input line 28.
LaTeX Font Info:    Overwriting symbol font `largesymbols' in version `bold'
(Font)                  OMX/cmex/m/n --> OMX/lmex/m/n on input line 29.
LaTeX Font Info:    Overwriting math alphabet `\mathbf' in version `normal'
(Font)                  OT1/cmr/bx/n --> OT1/lmr/bx/n on input line 31.
LaTeX Font Info:    Overwriting math alphabet `\mathsf' in version `normal'
(Font)                  OT1/cmss/m/n --> OT1/lmss/m/n on input line 32.
LaTeX Font Info:    Overwriting math alphabet `\mathit' in version `normal'
(Font)                  OT1/cmr/m/it --> OT1/lmr/m/it on input line 33.
LaTeX Font Info:    Overwriting math alphabet `\mathtt' in version `normal'
(Font)                  OT1/cmtt/m/n --> OT1/lmtt/m/n on input line 34.
LaTeX Font Info:    Overwriting math alphabet `\mathbf' in version `bold'
(Font)                  OT1/cmr/bx/n --> OT1/lmr/bx/n on input line 35.
LaTeX Font Info:    Overwriting math alphabet `\mathsf' in version `bold'
(Font)                  OT1/cmss/bx/n --> OT1/lmss/bx/n on input line 36.
LaTeX Font Info:    Overwriting math alphabet `\mathit' in version `bold'
(Font)                  OT1/cmr/bx/it --> OT1/lmr/bx/it on input line 37.
LaTeX Font Info:    Overwriting math alphabet `\mathtt' in version `bold'
(Font)                  OT1/cmtt/m/n --> OT1/lmtt/m/n on input line 38.
) (c:/Users/timothy.j.miller/AppData/Roaming/TinyTeX/texmf-dist/tex/latex/graphics/graphicx.sty
Package: graphicx 2024/12/31 v1.2e Enhanced LaTeX Graphics (DPC,SPQR)
(c:/Users/timothy.j.miller/AppData/Roaming/TinyTeX/texmf-dist/tex/latex/graphics/graphics.sty
Package: graphics 2024/08/06 v1.4g Standard LaTeX Graphics (DPC,SPQR)
(c:/Users/timothy.j.miller/AppData/Roaming/TinyTeX/texmf-dist/tex/latex/graphics/trig.sty
Package: trig 2023/12/02 v1.11 sin cos tan (DPC)
) (c:/Users/timothy.j.miller/AppData/Roaming/TinyTeX/texmf-dist/tex/latex/graphics-cfg/graphics.cfg
File: graphics.cfg 2016/06/04 v1.11 sample graphics configuration
)
Package graphics Info: Driver file: pdftex.def on input line 106.
)
\Gin@req@height=\dimen168
\Gin@req@width=\dimen169
)
\pandoc@box=\box55
(c:/Users/timothy.j.miller/AppData/Roaming/TinyTeX/texmf-dist/tex/latex/natbib/natbib.sty
Package: natbib 2010/09/13 8.31b (PWD, AO)
\bibhang=\skip54
\bibsep=\skip55
LaTeX Info: Redefining \cite on input line 694.
\c@NAT@ctr=\count298
) (c:/Users/timothy.j.miller/AppData/Roaming/TinyTeX/texmf-dist/tex/latex/url/url.sty
\Urlmuskip=\muskip18
Package: url 2013/09/16  ver 3.4  Verb mode for urls, etc.
) (c:/Users/timothy.j.miller/AppData/Roaming/TinyTeX/texmf-dist/tex/latex/setspace/setspace.sty
Package: setspace 2022/12/04 v6.7b set line spacing
) (c:/Users/timothy.j.miller/AppData/Roaming/TinyTeX/texmf-dist/tex/latex/lineno/lineno.sty
Package: lineno 2026/03/08 line numbers on paragraphs v5.9
(c:/Users/timothy.j.miller/AppData/Roaming/TinyTeX/texmf-dist/tex/latex/etoolbox/etoolbox.sty
Package: etoolbox 2025/10/02 v2.5m e-TeX tools for LaTeX (JAW)
\etb@tempcnta=\count299
) (c:/Users/timothy.j.miller/AppData/Roaming/TinyTeX/texmf-dist/tex/latex/kvoptions/kvoptions.sty
Package: kvoptions 2022-06-15 v3.15 Key value format for package options (HO)
(c:/Users/timothy.j.miller/AppData/Roaming/TinyTeX/texmf-dist/tex/generic/ltxcmds/ltxcmds.sty
Package: ltxcmds 2023-12-04 v1.26 LaTeX kernel commands for general use (HO)
) (c:/Users/timothy.j.miller/AppData/Roaming/TinyTeX/texmf-dist/tex/latex/kvsetkeys/kvsetkeys.sty
Package: kvsetkeys 2022-10-05 v1.19 Key value parser (HO)
))
\linenopenalty=\count300
\output=\toks26
\linenoprevgraf=\count301
\linenumbersep=\dimen170
\linenumberwidth=\dimen171
\c@linenumber=\count302
\c@pagewiselinenumber=\count303
\c@LN@truepage=\count304
\c@internallinenumber=\count305
\c@internallinenumbers=\count306
\quotelinenumbersep=\dimen172
\bframerule=\dimen173
\bframesep=\dimen174
\bframebox=\box56
\@LN@amsmath@ams@eqpen=\count307
) (c:/Users/timothy.j.miller/AppData/Roaming/TinyTeX/texmf-dist/tex/latex/caption/caption.sty
Package: caption 2023/08/05 v3.6o Customizing captions (AR)
(c:/Users/timothy.j.miller/AppData/Roaming/TinyTeX/texmf-dist/tex/latex/caption/caption3.sty
Package: caption3 2023/07/31 v2.4d caption3 kernel (AR)
\caption@tempdima=\dimen175
\captionmargin=\dimen176
\caption@leftmargin=\dimen177
\caption@rightmargin=\dimen178
\caption@width=\dimen179
\caption@indent=\dimen180
\caption@parindent=\dimen181
\caption@hangindent=\dimen182
Package caption Info: Standard document class detected.
)
\c@caption@flags=\count308
\c@continuedfloat=\count309
) (c:/Users/timothy.j.miller/AppData/Roaming/TinyTeX/texmf-dist/tex/latex/relsize/relsize.sty
Package: relsize 2013/03/29 ver 4.1
) (c:/Users/timothy.j.miller/AppData/Roaming/TinyTeX/texmf-dist/tex/latex/float/float.sty
Package: float 2001/11/08 v1.3d Float enhancements (AL)
\c@float@type=\count310
\float@exts=\toks27
\float@box=\box57
\@float@everytoks=\toks28
\@floatcapt=\box58
) (c:/Users/timothy.j.miller/AppData/Roaming/TinyTeX/texmf-dist/tex/latex/graphics/lscape.sty
Package: lscape 2020/05/28 v3.02 Landscape Pages (DPC)
) (c:/Users/timothy.j.miller/AppData/Roaming/TinyTeX/texmf-dist/tex/latex/tools/longtable.sty
Package: longtable 2025-10-13 v4.24 Multi-page Table package (DPC)
\LTleft=\skip56
\LTright=\skip57
\LTpre=\skip58
\LTpost=\skip59
\LTchunksize=\count311
\LTcapwidth=\dimen183
\LT@head=\box59
\LT@firsthead=\box60
\LT@foot=\box61
\LT@lastfoot=\box62
\LT@gbox=\box63
\LT@cols=\count312
\LT@rows=\count313
\c@LT@tables=\count314
\c@LT@chunks=\count315
\LT@p@ftn=\toks29
) (c:/Users/timothy.j.miller/AppData/Roaming/TinyTeX/texmf-dist/tex/latex/graphics/rotating.sty
Package: rotating 2025/01/14 v2.16e rotated objects in LaTeX
(c:/Users/timothy.j.miller/AppData/Roaming/TinyTeX/texmf-dist/tex/latex/base/ifthen.sty
Package: ifthen 2024/03/16 v1.1e Standard LaTeX ifthen package (DPC)
)
\c@r@tfl@t=\count316
\rotFPtop=\skip60
\rotFPbot=\skip61
\rot@float@box=\box64
\rot@mess@toks=\toks30
) (c:/Users/timothy.j.miller/AppData/Roaming/TinyTeX/texmf-dist/tex/latex/psfrag/psfrag.sty
Package: psfrag 1998/04/11 v3.04 PSfrag (MCG)
\pfg@pcount=\count317
\pfg@scount=\count318
\pfg@temp=\write3
) (c:/Users/timothy.j.miller/AppData/Roaming/TinyTeX/texmf-dist/tex/latex/tools/bm.sty
Package: bm 2025/10/21 v1.2g Bold Symbol Support (DPC/FMi)
\symboldoperators=\mathgroup6
\symboldletters=\mathgroup7
\symboldsymbols=\mathgroup8
Package bm Info: No bold for \OMX/lmex/m/n, using \pmb.
Package bm Info: No bold for \U/msa/m/n, using \pmb.
Package bm Info: No bold for \U/msb/m/n, using \pmb.
LaTeX Font Info:    Redeclaring math alphabet \mathbf on input line 149.
) (c:/Users/timothy.j.miller/AppData/Roaming/TinyTeX/texmf-dist/tex/latex/sectsty/sectsty.sty
Package: sectsty 2002/02/25 v2.0.2 Commands to change all sectional heading styles

LaTeX Warning: Command \underbar  has changed.
               Check if current package is valid.


LaTeX Warning: Command \underline  has changed.
               Check if current package is valid.

) (c:/Users/timothy.j.miller/AppData/Roaming/TinyTeX/texmf-dist/tex/latex/fancyhdr/fancyhdr.sty
Package: fancyhdr 2025/02/07 v5.2 Extensive control of page headers and footers
\f@nch@headwidth=\skip62
\f@nch@offset@elh=\skip63
\f@nch@offset@erh=\skip64
\f@nch@offset@olh=\skip65
\f@nch@offset@orh=\skip66
\f@nch@offset@elf=\skip67
\f@nch@offset@erf=\skip68
\f@nch@offset@olf=\skip69
\f@nch@offset@orf=\skip70
\f@nch@height=\skip71
\f@nch@footalignment=\skip72
\f@nch@widthL=\skip73
\f@nch@widthC=\skip74
\f@nch@widthR=\skip75
\@temptokenb=\toks31
) (c:/Users/timothy.j.miller/AppData/Roaming/TinyTeX/texmf-dist/tex/latex/tools/xspace.sty
Package: xspace 2014/10/28 v1.13 Space after command names (DPC,MH)
) (c:/Users/timothy.j.miller/AppData/Roaming/TinyTeX/texmf-dist/tex/latex/was/upgreek.sty
Package: upgreek 2003/02/12 v2.0 (WaS)
Package upgreek Info: Using Euler Roman for upright Greek on input line 31.
\symugrf@m=\mathgroup9
LaTeX Font Info:    Overwriting symbol font `ugrf@m' in version `bold'
(Font)                  U/eur/m/n --> U/eur/b/n on input line 38.
) (c:/Users/timothy.j.miller/AppData/Roaming/TinyTeX/texmf-dist/tex/latex/booktabs/booktabs.sty
Package: booktabs 2020/01/12 v1.61803398 Publication quality tables
\heavyrulewidth=\dimen184
\lightrulewidth=\dimen185
\cmidrulewidth=\dimen186
\belowrulesep=\dimen187
\belowbottomsep=\dimen188
\aboverulesep=\dimen189
\abovetopsep=\dimen190
\cmidrulesep=\dimen191
\cmidrulekern=\dimen192
\defaultaddspace=\dimen193
\@cmidla=\count319
\@cmidlb=\count320
\@aboverulesep=\dimen194
\@belowrulesep=\dimen195
\@thisruleclass=\count321
\@lastruleclass=\count322
\@thisrulewidth=\dimen196
) (c:/Users/timothy.j.miller/AppData/Roaming/TinyTeX/texmf-dist/tex/latex/tools/array.sty
Package: array 2025/09/25 v2.6n Tabular extension package (FMi)
\col@sep=\dimen197
\ar@mcellbox=\box65
\extrarowheight=\dimen198
\NC@list=\toks32
\extratabsurround=\skip76
\backup@length=\skip77
\ar@cellbox=\box66
) (c:/Users/timothy.j.miller/AppData/Roaming/TinyTeX/texmf-dist/tex/latex/multirow/multirow.sty
Package: multirow 2024/11/12 v2.9 Span multiple rows of a table
\multirow@colwidth=\skip78
\multirow@cntb=\count323
\multirow@dima=\skip79
\bigstrutjot=\dimen199
) (c:/Users/timothy.j.miller/AppData/Roaming/TinyTeX/texmf-dist/tex/latex/wrapfig/wrapfig.sty
\wrapoverhang=\dimen256
\WF@size=\dimen257
\c@WF@wrappedlines=\count324
\WF@box=\box67
\WF@everypar=\toks33
Package: wrapfig 2003/01/31  v 3.6
) (c:/Users/timothy.j.miller/AppData/Roaming/TinyTeX/texmf-dist/tex/latex/colortbl/colortbl.sty
Package: colortbl 2026/05/01 v1.0l Color table columns (DPC)
\everycr=\toks34
\minrowclearance=\skip80
\rownum=\count325
) (c:/Users/timothy.j.miller/AppData/Roaming/TinyTeX/texmf-dist/tex/latex/pdflscape/pdflscape.sty
Package: pdflscape 2025-06-23 v0.14 Display of landscape pages in PDF
(c:/Users/timothy.j.miller/AppData/Roaming/TinyTeX/texmf-dist/tex/latex/pdflscape/pdflscape-nometadata.sty
Package: pdflscape-nometadata 2025-06-23 v0.14 Display of landscape pages in PDF (HO)
Package pdflscape Info: Auto-detected driver: pdftex on input line 81.
)) (c:/Users/timothy.j.miller/AppData/Roaming/TinyTeX/texmf-dist/tex/latex/tabu/tabu.sty
Package: tabu 2019/01/11 v2.9 - flexible LaTeX tabulars (FC+tabu-fixed)
(c:/Users/timothy.j.miller/AppData/Roaming/TinyTeX/texmf-dist/tex/latex/varwidth/varwidth.sty
Package: varwidth 2009/03/30 ver 0.92;  Variable-width minipages
\@vwid@box=\box68
\sift@deathcycles=\count326
\@vwid@loff=\dimen258
\@vwid@roff=\dimen259
)
==> First Aid for varwidth.sty applied!
\c@taburow=\count327
\tabu@nbcols=\count328
\tabu@cnt=\count329
\tabu@Xcol=\count330
\tabu@alloc=\count331
\tabu@nested=\count332
\tabu@target=\dimen260
\tabu@spreadtarget=\dimen261
\tabu@naturalX=\dimen262
\tabucolX=\dimen263
\tabu@Xsum=\dimen264
\extrarowdepth=\dimen265
\abovetabulinesep=\dimen266
\belowtabulinesep=\dimen267
\tabustrutrule=\dimen268
\tabu@thebody=\toks35
\tabu@footnotes=\toks36
\tabu@box=\box69
\tabu@arstrutbox=\box70
\tabu@hleads=\box71
\tabu@vleads=\box72
\tabu@cellskip=\skip81
) (c:/Users/timothy.j.miller/AppData/Roaming/TinyTeX/texmf-dist/tex/latex/threeparttable/threeparttable.sty
Package: threeparttable 2003/06/13  v 3.0
\@tempboxb=\box73
) (c:/Users/timothy.j.miller/AppData/Roaming/TinyTeX/texmf-dist/tex/latex/threeparttablex/threeparttablex.sty
Package: threeparttablex 2013/07/23 v0.3 by daleif
(c:/Users/timothy.j.miller/AppData/Roaming/TinyTeX/texmf-dist/tex/latex/environ/environ.sty
Package: environ 2014/05/04 v0.3 A new way to define environments
(c:/Users/timothy.j.miller/AppData/Roaming/TinyTeX/texmf-dist/tex/latex/trimspaces/trimspaces.sty
Package: trimspaces 2009/09/17 v1.1 Trim spaces around a token list
))
\TPTL@width=\skip82
) (c:/Users/timothy.j.miller/AppData/Roaming/TinyTeX/texmf-dist/tex/generic/ulem/ulem.sty
\UL@box=\box74
\UL@hyphenbox=\box75
\UL@skip=\skip83
\UL@hook=\toks37
\UL@height=\dimen269
\UL@pe=\count333
\UL@pixel=\dimen270
\ULC@box=\box76
Package: ulem 2019/11/18
\ULdepth=\dimen271
) (c:/Users/timothy.j.miller/AppData/Roaming/TinyTeX/texmf-dist/tex/latex/makecell/makecell.sty
Package: makecell 2009/08/03 V0.1e Managing of Tab Column Heads and Cells
\rotheadsize=\dimen272
\c@nlinenum=\count334
\TeXr@lab=\toks38
) (c:/Users/timothy.j.miller/AppData/Roaming/TinyTeX/texmf-dist/tex/latex/bookmark/bookmark.sty
Package: bookmark 2023-12-10 v1.31 PDF bookmarks (HO)
(c:/Users/timothy.j.miller/AppData/Roaming/TinyTeX/texmf-dist/tex/latex/hyperref/hyperref.sty
Package: hyperref 2026-04-24 v7.01q Hypertext links for LaTeX
(c:/Users/timothy.j.miller/AppData/Roaming/TinyTeX/texmf-dist/tex/generic/kvdefinekeys/kvdefinekeys.sty
Package: kvdefinekeys 2019-12-19 v1.6 Define keys (HO)
) (c:/Users/timothy.j.miller/AppData/Roaming/TinyTeX/texmf-dist/tex/generic/pdfescape/pdfescape.sty
Package: pdfescape 2019/12/09 v1.15 Implements pdfTeX's escape features (HO)
(c:/Users/timothy.j.miller/AppData/Roaming/TinyTeX/texmf-dist/tex/generic/pdftexcmds/pdftexcmds.sty
Package: pdftexcmds 2020-06-27 v0.33 Utility functions of pdfTeX for LuaTeX (HO)
(c:/Users/timothy.j.miller/AppData/Roaming/TinyTeX/texmf-dist/tex/generic/infwarerr/infwarerr.sty
Package: infwarerr 2019/12/03 v1.5 Providing info/warning/error messages (HO)
)
Package pdftexcmds Info: \pdf@primitive is available.
Package pdftexcmds Info: \pdf@ifprimitive is available.
Package pdftexcmds Info: \pdfdraftmode found.
)) (c:/Users/timothy.j.miller/AppData/Roaming/TinyTeX/texmf-dist/tex/latex/hycolor/hycolor.sty
Package: hycolor 2020-01-27 v1.10 Color options for hyperref/bookmark (HO)
) (c:/Users/timothy.j.miller/AppData/Roaming/TinyTeX/texmf-dist/tex/latex/hyperref/nameref.sty
Package: nameref 2026-01-29 v2.58 Cross-referencing by name of section
(c:/Users/timothy.j.miller/AppData/Roaming/TinyTeX/texmf-dist/tex/latex/refcount/refcount.sty
Package: refcount 2019/12/15 v3.6 Data extraction from label references (HO)
) (c:/Users/timothy.j.miller/AppData/Roaming/TinyTeX/texmf-dist/tex/generic/gettitlestring/gettitlestring.sty
Package: gettitlestring 2019/12/15 v1.6 Cleanup title references (HO)
)
\c@section@level=\count335
) (c:/Users/timothy.j.miller/AppData/Roaming/TinyTeX/texmf-dist/tex/generic/stringenc/stringenc.sty
Package: stringenc 2019/11/29 v1.12 Convert strings between diff. encodings (HO)
)
\@linkdim=\dimen273
\Hy@linkcounter=\count336
\Hy@pagecounter=\count337
(c:/Users/timothy.j.miller/AppData/Roaming/TinyTeX/texmf-dist/tex/latex/hyperref/pd1enc.def
File: pd1enc.def 2026-04-24 v7.01q Hyperref: PDFDocEncoding definition (HO)
Now handling font encoding PD1 ...
... no UTF-8 mapping file for font encoding PD1
) (c:/Users/timothy.j.miller/AppData/Roaming/TinyTeX/texmf-dist/tex/generic/intcalc/intcalc.sty
Package: intcalc 2019/12/15 v1.3 Expandable calculations with integers (HO)
)
\Hy@SavedSpaceFactor=\count338
(c:/Users/timothy.j.miller/AppData/Roaming/TinyTeX/texmf-dist/tex/latex/hyperref/puenc.def
File: puenc.def 2026-04-24 v7.01q Hyperref: PDF Unicode definition (HO)
Now handling font encoding PU ...
... no UTF-8 mapping file for font encoding PU
)
Package hyperref Info: Option `unicode' set `true' on input line 4070.
Package hyperref Info: Hyper figures OFF on input line 4199.
Package hyperref Info: Link nesting OFF on input line 4204.
Package hyperref Info: Hyper index ON on input line 4207.
Package hyperref Info: Plain pages OFF on input line 4214.
Package hyperref Info: Backreferencing OFF on input line 4219.
Package hyperref Info: Implicit mode ON; LaTeX internals redefined.
Package hyperref Info: Bookmarks ON on input line 4466.
\c@Hy@tempcnt=\count339
LaTeX Info: Redefining \url on input line 4805.
\XeTeXLinkMargin=\dimen274
(c:/Users/timothy.j.miller/AppData/Roaming/TinyTeX/texmf-dist/tex/generic/bitset/bitset.sty
Package: bitset 2019/12/09 v1.3 Handle bit-vector datatype (HO)
(c:/Users/timothy.j.miller/AppData/Roaming/TinyTeX/texmf-dist/tex/generic/bigintcalc/bigintcalc.sty
Package: bigintcalc 2019/12/15 v1.5 Expandable calculations on big integers (HO)
))
\Fld@menulength=\count340
\Field@Width=\dimen275
\Fld@charsize=\dimen276
Package hyperref Info: Hyper figures OFF on input line 6091.
Package hyperref Info: Link nesting OFF on input line 6096.
Package hyperref Info: Hyper index ON on input line 6099.
Package hyperref Info: backreferencing OFF on input line 6106.
Package hyperref Info: Link coloring OFF on input line 6111.
Package hyperref Info: Link coloring with OCG OFF on input line 6116.
Package hyperref Info: PDF/A mode OFF on input line 6121.
\Hy@abspage=\count341
\c@Item=\count342
\c@Hfootnote=\count343
)
Package hyperref Info: Driver (autodetected): hpdftex.
(c:/Users/timothy.j.miller/AppData/Roaming/TinyTeX/texmf-dist/tex/latex/hyperref/hpdftex.def
File: hpdftex.def 2026-04-24 v7.01q Hyperref driver for pdfTeX
\Fld@listcount=\count344
\c@bookmark@seq@number=\count345
(c:/Users/timothy.j.miller/AppData/Roaming/TinyTeX/texmf-dist/tex/latex/rerunfilecheck/rerunfilecheck.sty
Package: rerunfilecheck 2025-06-21 v1.11 Rerun checks for auxiliary files (HO)
(c:/Users/timothy.j.miller/AppData/Roaming/TinyTeX/texmf-dist/tex/generic/uniquecounter/uniquecounter.sty
Package: uniquecounter 2019/12/15 v1.4 Provide unlimited unique counter (HO)
)
Package uniquecounter Info: New unique counter `rerunfilecheck' on input line 284.
)
\Hy@SectionHShift=\skip84
) (c:/Users/timothy.j.miller/AppData/Roaming/TinyTeX/texmf-dist/tex/latex/bookmark/bkm-pdftex.def
File: bkm-pdftex.def 2023-12-10 v1.31 bookmark driver for pdfTeX and luaTeX (HO)
\BKM@id=\count346
)) (c:/Users/timothy.j.miller/AppData/Roaming/TinyTeX/texmf-dist/tex/latex/xurl/xurl.sty
Package: xurl 2022/01/09 v 0.10 modify URL breaks
) (c:/Users/timothy.j.miller/AppData/Roaming/TinyTeX/texmf-dist/tex/latex/oberdiek/settobox.sty
Package: settobox 2016/05/16 v1.5 Assign box dimensions to length registers (HO)
) (c:/Users/timothy.j.miller/AppData/Roaming/TinyTeX/texmf-dist/tex/latex/letltxmacro/letltxmacro.sty
Package: letltxmacro 2019/12/03 v1.6 Let assignment for LaTeX macros (HO)
)
\DIFdelgraphicsbox=\box77
\DIFdelgraphicswidth=\skip85
\DIFdelgraphicsheight=\skip86
LaTeX Info: Redefining \DIFaddbegin on input line 194.
LaTeX Info: Redefining \DIFaddend on input line 195.
LaTeX Info: Redefining \DIFdelbegin on input line 196.
LaTeX Info: Redefining \DIFdelend on input line 197.
LaTeX Info: Redefining \DIFaddbeginFL on input line 202.
LaTeX Info: Redefining \DIFaddendFL on input line 203.
LaTeX Info: Redefining \DIFdelbeginFL on input line 204.
LaTeX Info: Redefining \DIFdelendFL on input line 205.
LaTeX Font Info:    Trying to load font information for T1+lmr on input line 213.
(c:/Users/timothy.j.miller/AppData/Roaming/TinyTeX/texmf-dist/tex/latex/lm/t1lmr.fd
File: t1lmr.fd 2015/05/01 v1.6.1 Font defs for Latin Modern
) (c:/Users/timothy.j.miller/AppData/Roaming/TinyTeX/texmf-dist/tex/latex/l3backend/l3backend-pdftex.def
File: l3backend-pdftex.def 2026-02-18 L3 backend support: PDF output (pdfTeX)
\l__color_backend_stack_int=\count347
)
No file manuscript_R2_marked_fixed.aux.
\openout1 = `manuscript_R2_marked_fixed.aux'.

LaTeX Font Info:    Checking defaults for OML/cmm/m/it on input line 213.
LaTeX Font Info:    ... okay on input line 213.
LaTeX Font Info:    Checking defaults for OMS/cmsy/m/n on input line 213.
LaTeX Font Info:    ... okay on input line 213.
LaTeX Font Info:    Checking defaults for OT1/cmr/m/n on input line 213.
LaTeX Font Info:    ... okay on input line 213.
LaTeX Font Info:    Checking defaults for T1/cmr/m/n on input line 213.
LaTeX Font Info:    ... okay on input line 213.
LaTeX Font Info:    Checking defaults for TS1/cmr/m/n on input line 213.
LaTeX Font Info:    ... okay on input line 213.
LaTeX Font Info:    Checking defaults for OMX/cmex/m/n on input line 213.
LaTeX Font Info:    ... okay on input line 213.
LaTeX Font Info:    Checking defaults for U/cmr/m/n on input line 213.
LaTeX Font Info:    ... okay on input line 213.
LaTeX Font Info:    Checking defaults for PD1/pdf/m/n on input line 213.
LaTeX Font Info:    ... okay on input line 213.
LaTeX Font Info:    Checking defaults for PU/pdf/m/n on input line 213.
LaTeX Font Info:    ... okay on input line 213.
(c:/Users/timothy.j.miller/AppData/Roaming/TinyTeX/texmf-dist/tex/latex/epstopdf-pkg/epstopdf-base.sty
Package: epstopdf-base 2020-01-24 v2.11 Base part for package epstopdf
Package epstopdf-base Info: Redefining graphics rule for `.eps' on input line 485.
(c:/Users/timothy.j.miller/AppData/Roaming/TinyTeX/texmf-dist/tex/latex/latexconfig/epstopdf-sys.cfg
File: epstopdf-sys.cfg 2010/07/13 v1.3 Configuration of (r)epstopdf for TeX Live
))
*geometry* driver: auto-detecting
*geometry* detected driver: pdftex
*geometry* verbose mode - [ preamble ] result:
* driver: pdftex
* paper: <default>
* layout: <same size as paper>
* layoutoffset:(h,v)=(0.0pt,0.0pt)
* modes: 
* h-part:(L,W,R)=(72.26999pt, 469.75502pt, 72.26999pt)
* v-part:(T,H,B)=(72.26999pt, 650.43001pt, 72.26999pt)
* \paperwidth=614.295pt
* \paperheight=794.96999pt
* \textwidth=469.75502pt
* \textheight=650.43001pt
* \oddsidemargin=0.0pt
* \evensidemargin=0.0pt
* \topmargin=-37.0pt
* \headheight=12.0pt
* \headsep=25.0pt
* \topskip=12.0pt
* \footskip=30.0pt
* \marginparwidth=44.0pt
* \marginparsep=10.0pt
* \columnsep=10.0pt
* \skip\footins=10.8pt plus 4.0pt minus 2.0pt
* \hoffset=0.0pt
* \voffset=0.0pt
* \mag=1000
* \@twocolumnfalse
* \@twosidefalse
* \@mparswitchfalse
* \@reversemarginfalse
* (1in=72.27pt=25.4mm, 1cm=28.453pt)

Package caption Info: Begin \AtBeginDocument code.
Package caption Info: float package is loaded.
Package caption Info: hyperref package is loaded.
Package caption Info: longtable package is loaded.
(c:/Users/timothy.j.miller/AppData/Roaming/TinyTeX/texmf-dist/tex/latex/caption/ltcaption.sty
Package: ltcaption 2021/01/08 v1.4c longtable captions (AR)
)
Package caption Info: rotating package is loaded.
Package caption Info: threeparttable package is loaded.
Package caption Info: wrapfig package is loaded.
Package caption Info: End \AtBeginDocument code.
Package hyperref Info: Link coloring OFF on input line 213.
LaTeX Font Info:    Trying to load font information for T1+lmss on input line 215.
(c:/Users/timothy.j.miller/AppData/Roaming/TinyTeX/texmf-dist/tex/latex/lm/t1lmss.fd
File: t1lmss.fd 2015/05/01 v1.6.1 Font defs for Latin Modern
)
LaTeX Font Info:    Trying to load font information for OT1+lmr on input line 215.
(c:/Users/timothy.j.miller/AppData/Roaming/TinyTeX/texmf-dist/tex/latex/lm/ot1lmr.fd
File: ot1lmr.fd 2015/05/01 v1.6.1 Font defs for Latin Modern
)
LaTeX Font Info:    Trying to load font information for OML+lmm on input line 215.
(c:/Users/timothy.j.miller/AppData/Roaming/TinyTeX/texmf-dist/tex/latex/lm/omllmm.fd
File: omllmm.fd 2015/05/01 v1.6.1 Font defs for Latin Modern
)
LaTeX Font Info:    Trying to load font information for OMS+lmsy on input line 215.
(c:/Users/timothy.j.miller/AppData/Roaming/TinyTeX/texmf-dist/tex/latex/lm/omslmsy.fd
File: omslmsy.fd 2015/05/01 v1.6.1 Font defs for Latin Modern
)
LaTeX Font Info:    Trying to load font information for OMX+lmex on input line 215.
(c:/Users/timothy.j.miller/AppData/Roaming/TinyTeX/texmf-dist/tex/latex/lm/omxlmex.fd
File: omxlmex.fd 2015/05/01 v1.6.1 Font defs for Latin Modern
)
LaTeX Font Info:    External font `lmex10' loaded for size
(Font)              <14.4> on input line 215.
LaTeX Font Info:    External font `lmex10' loaded for size
(Font)              <10> on input line 215.
LaTeX Font Info:    External font `lmex10' loaded for size
(Font)              <7> on input line 215.
LaTeX Font Info:    Trying to load font information for U+msa on input line 215.
(c:/Users/timothy.j.miller/AppData/Roaming/TinyTeX/texmf-dist/tex/latex/amsfonts/umsa.fd
File: umsa.fd 2013/01/14 v3.01 AMS symbols A
)
LaTeX Font Info:    Trying to load font information for U+msb on input line 215.
(c:/Users/timothy.j.miller/AppData/Roaming/TinyTeX/texmf-dist/tex/latex/amsfonts/umsb.fd
File: umsb.fd 2013/01/14 v3.01 AMS symbols B
)
Overfull \hbox (539.28986pt too wide) in paragraph at lines 215--215
 [][] 
 []

LaTeX Font Info:    External font `lmex10' loaded for size
(Font)              <12> on input line 216.
LaTeX Font Info:    External font `lmex10' loaded for size
(Font)              <8> on input line 216.
LaTeX Font Info:    External font `lmex10' loaded for size
(Font)              <6> on input line 216.

Underfull \hbox (badness 10000) in paragraph at lines 216--251

 []

[1
Non-PDF special ignored!
<special> header=psfrag.pro

{c:/Users/timothy.j.miller/AppData/Roaming/TinyTeX/texmf-var/fonts/map/pdftex/updmap/pdftex.map}{c:/Users/timothy.j.miller/AppData/Roaming/TinyTeX/texmf-dist/fonts/enc/dvips/lm/lm-ec.enc}{c:/Users/timothy.j.miller/AppData/Roaming/TinyTeX/texmf-dist/fonts/enc/dvips/lm/lm-rm.enc}] [2] [3]

Package natbib Warning: Citation `nielsenberg14' on page 4 undefined on input line 286.


Package natbib Warning: Citation `cadigan16' on page 4 undefined on input line 286.


Package natbib Warning: Citation `pedersenberg17' on page 4 undefined on input line 286.


Package natbib Warning: Citation `stockmiller21' on page 4 undefined on input line 286.


Package natbib Warning: Citation `hoyleetal22' on page 4 undefined on input line 289.


Package natbib Warning: Citation `punt23' on page 4 undefined on input line 289.


Package natbib Warning: Citation `thorsonminto15' on page 4 undefined on input line 296.


Package natbib Warning: Citation `kristensenetal16' on page 4 undefined on input line 296.


Package natbib Warning: Citation `lietal24' on page 4 undefined on input line 305.


Package natbib Warning: Citation `milleretal_inreview1' on page 4 undefined on input line 305.


Package natbib Warning: Citation `lietal24' on page 4 undefined on input line 307.


Package natbib Warning: Citation `milleretal26' on page 4 undefined on input line 307.


Package natbib Warning: Citation `magnussonhilborn07' on page 4 undefined on input line 316.


Package natbib Warning: Citation `milleretal_inreview1' on page 4 undefined on input line 316.


Package natbib Warning: Citation `leeetal11' on page 4 undefined on input line 316.


Package natbib Warning: Citation `cadigan16' on page 4 undefined on input line 316.


Package natbib Warning: Citation `millerhyun18' on page 4 undefined on input line 316.


Package natbib Warning: Citation `milleretal_inreview1' on page 4 undefined on input line 316.


Package natbib Warning: Citation `magnussonhilborn07' on page 4 undefined on input line 319.


Package natbib Warning: Citation `milleretal26' on page 4 undefined on input line 319.


Package natbib Warning: Citation `myers98' on page 4 undefined on input line 324.


Package natbib Warning: Citation `haltuchpunt11' on page 4 undefined on input line 324.


Package natbib Warning: Citation `johnsonetal16' on page 4 undefined on input line 324.


Package natbib Warning: Citation `milleretal16' on page 4 undefined on input line 324.


Package natbib Warning: Citation `brittenetal26' on page 4 undefined on input line 330.


Package natbib Warning: Citation `milleretal_inreview1' on page 4 undefined on input line 330.


Package natbib Warning: Citation `brittenetal26' on page 4 undefined on input line 333.


Package natbib Warning: Citation `milleretal26' on page 4 undefined on input line 333.


Package natbib Warning: Citation `brodziaketal08' on page 4 undefined on input line 344.


Package natbib Warning: Citation `stocketal21' on page 4 undefined on input line 344.

[4{c:/Users/timothy.j.miller/AppData/Roaming/TinyTeX/texmf-dist/fonts/enc/dvips/lm/lm-mathit.enc}]

Package natbib Warning: Citation `leeetal11' on page 5 undefined on input line 349.


Package natbib Warning: Citation `millerhyun18' on page 5 undefined on input line 349.


Package natbib Warning: Citation `milleretal26' on page 5 undefined on input line 349.


Package natbib Warning: Citation `cadigan16' on page 5 undefined on input line 361.


Package natbib Warning: Citation `stocketal21' on page 5 undefined on input line 361.


Package natbib Warning: Citation `derisoetal08' on page 5 undefined on input line 361.


Package natbib Warning: Citation `cadigan16' on page 5 undefined on input line 366.


Package natbib Warning: Citation `stocketal21' on page 5 undefined on input line 366.


Package natbib Warning: Citation `derisoetal08' on page 5 undefined on input line 366.


Package natbib Warning: Citation `stockmiller21' on page 5 undefined on input line 376.


Package natbib Warning: Citation `milleretal25' on page 5 undefined on input line 376.


Package natbib Warning: Citation `legaultpalmer16' on page 5 undefined on input line 379.


Package natbib Warning: Citation `szuwalskietal18' on page 5 undefined on input line 379.


Package natbib Warning: Citation `milleretal_inreview1' on page 5 undefined on input line 383.


Package natbib Warning: Citation `milleretal26' on page 5 undefined on input line 385.


Package natbib Warning: Citation `lietal24' on page 5 undefined on input line 389.

[5]

Package natbib Warning: Citation `millerstock20' on page 6 undefined on input line 410.


Package natbib Warning: Citation `stockmiller21' on page 6 undefined on input line 410.


Package natbib Warning: Citation `milleretal25' on page 6 undefined on input line 410.


Package natbib Warning: Citation `stocketal21' on page 6 undefined on input line 413.


Package natbib Warning: Citation `legaultetal23' on page 6 undefined on input line 413.


Package natbib Warning: Citation `lietal24' on page 6 undefined on input line 413.


Package natbib Warning: Citation `brittenetal26' on page 6 undefined on input line 413.


Package natbib Warning: Citation `lietal26_a' on page 6 undefined on input line 413.


Package natbib Warning: Citation `nefsc22' on page 6 undefined on input line 415.


Package natbib Warning: Citation `nefsc22a' on page 6 undefined on input line 415.


Package natbib Warning: Citation `nefsc24' on page 6 undefined on input line 415.

[6]

Package natbib Warning: Citation `stockmiller21' on page 7 undefined on input line 438.


Package natbib Warning: Citation `lietal26' on page 7 undefined on input line 441.


Package natbib Warning: Citation `milleretal16' on page 7 undefined on input line 456.


Package natbib Warning: Citation `stockmiller21' on page 7 undefined on input line 456.

[7{c:/Users/timothy.j.miller/AppData/Roaming/TinyTeX/texmf-dist/fonts/enc/dvips/lm/lm-mathsy.enc}{c:/Users/timothy.j.miller/AppData/Roaming/TinyTeX/texmf-dist/fonts/enc/dvips/lm/lm-mathex.enc}]

LaTeX Warning: Reference `om_ecov_example' on page 8 undefined on input line 472.


LaTeX Warning: Reference `om_inputs_fig' on page 8 undefined on input line 480.


LaTeX Warning: Reference `om_inputs_fig' on page 8 undefined on input line 481.


LaTeX Warning: Reference `om_inputs_fig' on page 8 undefined on input line 482.


Package natbib Warning: Citation `milleretal_inreview1' on page 8 undefined on input line 485.


Package natbib Warning: Citation `milleretal26' on page 8 undefined on input line 487.


Underfull \hbox (badness 1117) in paragraph at lines 499--501
\T1/lmr/m/n/12 where the pro-cess er-rors are mod-eled as ran-dom ef-fects[]|   []   |   []   |   []   |   []   |   []   |   []
 []

[8]

Package natbib Warning: Citation `stockmiller21' on page 9 undefined on input line 503.


LaTeX Warning: Reference `M_example' on page 9 undefined on input line 512.


Package natbib Warning: Citation `millerbrooks21' on page 9 undefined on input line 521.


Package natbib Warning: Citation `milleretal_inreview1' on page 9 undefined on input line 523.


Package natbib Warning: Citation `milleretal26' on page 9 undefined on input line 525.


Package natbib Warning: Citation `milleretal_inreview1' on page 9 undefined on input line 539.


Package natbib Warning: Citation `milleretal26' on page 9 undefined on input line 541.


Package natbib Warning: Citation `wiedenmannetal19' on page 9 undefined on input line 548.

[9]

Package natbib Warning: Citation `milleretal_inreview1' on page 10 undefined on input line 554.


Package natbib Warning: Citation `milleretal26' on page 10 undefined on input line 556.


Package natbib Warning: Citation `brittenetal26' on page 10 undefined on input line 561.


Package natbib Warning: Citation `milleretal_inreview1' on page 10 undefined on input line 570.


Package natbib Warning: Citation `milleretal26' on page 10 undefined on input line 573.


LaTeX Warning: Reference `om_inputs_fig' on page 10 undefined on input line 575.


Package natbib Warning: Citation `aitchisonshen80' on page 10 undefined on input line 587.


Package natbib Warning: Citation `stockmiller21' on page 10 undefined on input line 587.


Package natbib Warning: Citation `trijouletetal23' on page 10 undefined on input line 587.

[10]

Package natbib Warning: Citation `carvalhoetal21' on page 11 undefined on input line 630.


Package natbib Warning: Citation `milleretal_inreview1' on page 11 undefined on input line 635.


Package natbib Warning: Citation `milleretal26' on page 11 undefined on input line 637.

[11]

Package natbib Warning: Citation `vaidablanchard05' on page 12 undefined on input line 645.


Package natbib Warning: Citation `millerhyun18' on page 12 undefined on input line 647.


Package natbib Warning: Citation `stockmiller21' on page 12 undefined on input line 647.

[12] [13] [14]

Package natbib Warning: Citation `milleretal_inreview1' on page 15 undefined on input line 764.


Package natbib Warning: Citation `milleretal26' on page 15 undefined on input line 766.


Package natbib Warning: Citation `mackinnonetal95' on page 15 undefined on input line 771.


Package natbib Warning: Citation `wangetal17' on page 15 undefined on input line 771.


Package natbib Warning: Citation `harwelletal18' on page 15 undefined on input line 771.


LaTeX Warning: Reference `relerror' on page 15 undefined on input line 778.

LaTeX Font Info:    Trying to load font information for T1+lmtt on input line 792.
(c:/Users/timothy.j.miller/AppData/Roaming/TinyTeX/texmf-dist/tex/latex/lm/t1lmtt.fd
File: t1lmtt.fd 2015/05/01 v1.6.1 Font defs for Latin Modern
)

Package natbib Warning: Citation `yee08' on page 15 undefined on input line 793.


Package natbib Warning: Citation `yee15' on page 15 undefined on input line 793.


Package natbib Warning: Citation `milleretal_inreview1' on page 15 undefined on input line 797.


Package natbib Warning: Citation `milleretal26' on page 15 undefined on input line 799.

[15]

Package natbib Warning: Citation `breimanetal84' on page 16 undefined on input line 805.


Package natbib Warning: Citation `gonzalezetal18' on page 16 undefined on input line 807.


Package natbib Warning: Citation `collieretal22' on page 16 undefined on input line 807.


Package natbib Warning: Citation `rpart' on page 16 undefined on input line 813.


LaTeX Warning: Reference `factor_table' on page 16 undefined on input line 824.


Package natbib Warning: Citation `milleretal_inreview1' on page 16 undefined on input line 828.


Package natbib Warning: Citation `milleretal26' on page 16 undefined on input line 830.

[16]

Package hyperref Warning: Token not allowed in a PDF string (Unicode):
(hyperref)                removing `\@ifnextchar' on input line 844.


Package hyperref Warning: Token not allowed in a PDF string (Unicode):
(hyperref)                removing `\sout@orig' on input line 844.


LaTeX Warning: Reference `convergence_PRD_table' on page 17 undefined on input line 851.


Package hyperref Warning: Token not allowed in a PDF string (Unicode):
(hyperref)                removing `\@ifnextchar' on input line 861.


Package hyperref Warning: Token not allowed in a PDF string (Unicode):
(hyperref)                removing `\uwave' on input line 861.


LaTeX Warning: Reference `conv_class' on page 17 undefined on input line 863.


LaTeX Warning: Reference `conv_class' on page 17 undefined on input line 865.

[17]

LaTeX Warning: Reference `AIC_PE_PRD_table' on page 18 undefined on input line 885.

[18]

LaTeX Warning: Reference `AIC_PE_class' on page 19 undefined on input line 888.


LaTeX Warning: Reference `AIC_PE_class' on page 19 undefined on input line 890.


LaTeX Warning: Reference `AIC_Ecov_effect_PRD_table' on page 19 undefined on input line 905.


LaTeX Warning: Reference `AIC_Ecov_effect_class' on page 19 undefined on input line 905.


LaTeX Warning: Reference `AIC_Ecov_effect_class' on page 19 undefined on input line 911.

[19]

Package hyperref Warning: Token not allowed in a PDF string (Unicode):
(hyperref)                removing `\<let>-command' on input line 935.


Package hyperref Warning: Token not allowed in a PDF string (Unicode):
(hyperref)                removing `\includegraphics' on input line 935.


Package hyperref Warning: Token not allowed in a PDF string (Unicode):
(hyperref)                removing `\DIFdelincludegraphics' on input line 935.


Package hyperref Warning: Token not allowed in a PDF string (Unicode):
(hyperref)                removing `\@ifnextchar' on input line 935.


Package hyperref Warning: Token not allowed in a PDF string (Unicode):
(hyperref)                removing `\sout@orig' on input line 935.


Package hyperref Warning: Token not allowed in a PDF string (Unicode):
(hyperref)                removing `\<let>-command' on input line 935.


Package hyperref Warning: Token not allowed in a PDF string (Unicode):
(hyperref)                removing `\includegraphics' on input line 935.


Package hyperref Warning: Token not allowed in a PDF string (Unicode):
(hyperref)                removing `\DIFOincludegraphics' on input line 935.


Package hyperref Warning: Token not allowed in a PDF string (Unicode):
(hyperref)                removing `\<let>-command' on input line 935.


Package hyperref Warning: Token not allowed in a PDF string (Unicode):
(hyperref)                removing `\includegraphics' on input line 935.


Package hyperref Warning: Token not allowed in a PDF string (Unicode):
(hyperref)                removing `\DIFaddincludegraphics' on input line 935.


Package hyperref Warning: Token not allowed in a PDF string (Unicode):
(hyperref)                removing `\@ifnextchar' on input line 935.


Package hyperref Warning: Token not allowed in a PDF string (Unicode):
(hyperref)                removing `\uwave' on input line 935.


Package hyperref Warning: Token not allowed in a PDF string (Unicode):
(hyperref)                removing `\<let>-command' on input line 935.


Package hyperref Warning: Token not allowed in a PDF string (Unicode):
(hyperref)                removing `\includegraphics' on input line 935.


Package hyperref Warning: Token not allowed in a PDF string (Unicode):
(hyperref)                removing `\DIFOincludegraphics' on input line 935.


LaTeX Warning: Reference `bias_ecov_beta_converged_PRD_table' on page 20 undefined on input line 940.


LaTeX Warning: Reference `med_M_bias_regtree' on page 20 undefined on input line 948.

[20]

LaTeX Warning: Reference `beta_M_bias_Rom' on page 21 undefined on input line 960.


LaTeX Warning: Reference `beta_M_bias_RMom' on page 21 undefined on input line 960.


Package hyperref Warning: Token not allowed in a PDF string (Unicode):
(hyperref)                removing `\@ifnextchar' on input line 964.


Package hyperref Warning: Token not allowed in a PDF string (Unicode):
(hyperref)                removing `\uwave' on input line 964.


LaTeX Warning: Reference `med_M_SE_bias_regtree' on page 21 undefined on input line 971.


LaTeX Warning: Reference `se_beta_M_bias_Rom' on page 21 undefined on input line 983.


LaTeX Warning: Reference `se_beta_M_bias_RMom' on page 21 undefined on input line 983.

[21]

Package hyperref Warning: Token not allowed in a PDF string (Unicode):
(hyperref)                removing `\@ifnextchar' on input line 987.


Package hyperref Warning: Token not allowed in a PDF string (Unicode):
(hyperref)                removing `\uwave' on input line 987.


LaTeX Warning: Reference `med_M_CI_coverage_regtree' on page 22 undefined on input line 992.


LaTeX Warning: Reference `beta_M_CI_coverage_Rom' on page 22 undefined on input line 1003.


LaTeX Warning: Reference `beta_M_CI_coverage_RMom' on page 22 undefined on input line 1003.


Package hyperref Warning: Token not allowed in a PDF string (Unicode):
(hyperref)                removing `\@ifnextchar' on input line 1011.


Package hyperref Warning: Token not allowed in a PDF string (Unicode):
(hyperref)                removing `\uwave' on input line 1011.


Package hyperref Warning: Token not allowed in a PDF string (Unicode):
(hyperref)                removing `\@ifnextchar' on input line 1014.


Package hyperref Warning: Token not allowed in a PDF string (Unicode):
(hyperref)                removing `\uwave' on input line 1014.


LaTeX Warning: Reference `ecov_effect_bias_regtree' on page 22 undefined on input line 1018.

[22]

LaTeX Warning: Reference `beta_E_bias_Rom' on page 23 undefined on input line 1036.


LaTeX Warning: Reference `beta_E_bias_RMom' on page 23 undefined on input line 1036.


LaTeX Warning: Reference `bias_ecov_beta_se_PRD_table' on page 23 undefined on input line 1053.

[23]

LaTeX Warning: Reference `ecov_effect_SE_bias_regtree' on page 24 undefined on input line 1061.


LaTeX Warning: Reference `se_beta_E_bias_Rom' on page 24 undefined on input line 1068.


LaTeX Warning: Reference `se_beta_E_bias_RMom' on page 24 undefined on input line 1068.


LaTeX Warning: Reference `ecov_beta_ci_coverage_PRD_table' on page 24 undefined on input line 1085.


LaTeX Warning: Reference `ecov_effect_CI_coverage_regtree' on page 24 undefined on input line 1090.

[24]

LaTeX Warning: Reference `beta_E_CI_coverage_Rom' on page 25 undefined on input line 1106.


LaTeX Warning: Reference `beta_E_CI_coverage_RSom' on page 25 undefined on input line 1107.


LaTeX Warning: Reference `beta_E_CI_coverage_RMom' on page 25 undefined on input line 1111.


LaTeX Warning: Reference `ex_lm_beta_E_SE_beta_E' on page 25 undefined on input line 1116.


Package hyperref Warning: Token not allowed in a PDF string (Unicode):
(hyperref)                removing `\<let>-command' on input line 1121.


Package hyperref Warning: Token not allowed in a PDF string (Unicode):
(hyperref)                removing `\includegraphics' on input line 1121.


Package hyperref Warning: Token not allowed in a PDF string (Unicode):
(hyperref)                removing `\DIFdelincludegraphics' on input line 1121.


Package hyperref Warning: Token not allowed in a PDF string (Unicode):
(hyperref)                removing `\@ifnextchar' on input line 1121.


Package hyperref Warning: Token not allowed in a PDF string (Unicode):
(hyperref)                removing `\sout@orig' on input line 1121.


Package hyperref Warning: Token not allowed in a PDF string (Unicode):
(hyperref)                removing `\<let>-command' on input line 1121.


Package hyperref Warning: Token not allowed in a PDF string (Unicode):
(hyperref)                removing `\includegraphics' on input line 1121.


Package hyperref Warning: Token not allowed in a PDF string (Unicode):
(hyperref)                removing `\DIFOincludegraphics' on input line 1121.


Package hyperref Warning: Token not allowed in a PDF string (Unicode):
(hyperref)                removing `\<let>-command' on input line 1121.


Package hyperref Warning: Token not allowed in a PDF string (Unicode):
(hyperref)                removing `\includegraphics' on input line 1121.


Package hyperref Warning: Token not allowed in a PDF string (Unicode):
(hyperref)                removing `\DIFaddincludegraphics' on input line 1121.


Package hyperref Warning: Token not allowed in a PDF string (Unicode):
(hyperref)                removing `\@ifnextchar' on input line 1121.


Package hyperref Warning: Token not allowed in a PDF string (Unicode):
(hyperref)                removing `\uwave' on input line 1121.


Package hyperref Warning: Token not allowed in a PDF string (Unicode):
(hyperref)                removing `\<let>-command' on input line 1121.


Package hyperref Warning: Token not allowed in a PDF string (Unicode):
(hyperref)                removing `\includegraphics' on input line 1121.


Package hyperref Warning: Token not allowed in a PDF string (Unicode):
(hyperref)                removing `\DIFOincludegraphics' on input line 1121.


Package hyperref Warning: Token not allowed in a PDF string (Unicode):
(hyperref)                removing `\<let>-command' on input line 1121.


Package hyperref Warning: Token not allowed in a PDF string (Unicode):
(hyperref)                removing `\includegraphics' on input line 1121.


Package hyperref Warning: Token not allowed in a PDF string (Unicode):
(hyperref)                removing `\DIFdelincludegraphics' on input line 1121.


Package hyperref Warning: Token not allowed in a PDF string (Unicode):
(hyperref)                removing `\@ifnextchar' on input line 1121.


Package hyperref Warning: Token not allowed in a PDF string (Unicode):
(hyperref)                removing `\sout@orig' on input line 1121.


Package hyperref Warning: Token not allowed in a PDF string (Unicode):
(hyperref)                removing `\<let>-command' on input line 1121.


Package hyperref Warning: Token not allowed in a PDF string (Unicode):
(hyperref)                removing `\includegraphics' on input line 1121.


Package hyperref Warning: Token not allowed in a PDF string (Unicode):
(hyperref)                removing `\DIFOincludegraphics' on input line 1121.


Package hyperref Warning: Token not allowed in a PDF string (Unicode):
(hyperref)                removing `\<let>-command' on input line 1121.


Package hyperref Warning: Token not allowed in a PDF string (Unicode):
(hyperref)                removing `\includegraphics' on input line 1121.


Package hyperref Warning: Token not allowed in a PDF string (Unicode):
(hyperref)                removing `\DIFdelincludegraphics' on input line 1121.


Package hyperref Warning: Token not allowed in a PDF string (Unicode):
(hyperref)                removing `\@ifnextchar' on input line 1121.


Package hyperref Warning: Token not allowed in a PDF string (Unicode):
(hyperref)                removing `\sout@orig' on input line 1121.


Package hyperref Warning: Token not allowed in a PDF string (Unicode):
(hyperref)                removing `\<let>-command' on input line 1121.


Package hyperref Warning: Token not allowed in a PDF string (Unicode):
(hyperref)                removing `\includegraphics' on input line 1121.


Package hyperref Warning: Token not allowed in a PDF string (Unicode):
(hyperref)                removing `\DIFOincludegraphics' on input line 1121.


LaTeX Warning: Reference `bias_median_M_converged_PRD_table' on page 25 undefined on input line 1129.

[25]

LaTeX Warning: Reference `med_M_bias_regtree' on page 26 undefined on input line 1132.


LaTeX Warning: Reference `beta_M_bias_Rom' on page 26 undefined on input line 1136.


LaTeX Warning: Reference `beta_M_bias_RMom' on page 26 undefined on input line 1136.


Package hyperref Warning: Token not allowed in a PDF string (Unicode):
(hyperref)                removing `\@ifnextchar' on input line 1144.


Package hyperref Warning: Token not allowed in a PDF string (Unicode):
(hyperref)                removing `\sout@orig' on input line 1144.


LaTeX Warning: Reference `median_M_se_bias_PRD_table' on page 26 undefined on input line 1150.

[26]

LaTeX Warning: Reference `med_M_SE_bias_regtree' on page 27 undefined on input line 1154.


LaTeX Warning: Reference `se_beta_M_bias_Rom' on page 27 undefined on input line 1158.


LaTeX Warning: Reference `se_beta_M_bias_RMom' on page 27 undefined on input line 1158.


Package hyperref Warning: Token not allowed in a PDF string (Unicode):
(hyperref)                removing `\@ifnextchar' on input line 1164.


Package hyperref Warning: Token not allowed in a PDF string (Unicode):
(hyperref)                removing `\sout@orig' on input line 1164.


LaTeX Warning: Reference `mean_M_ci_coverage_PRD_table' on page 27 undefined on input line 1170.


LaTeX Warning: Reference `med_M_CI_coverage_regtree' on page 27 undefined on input line 1174.

[27]

LaTeX Warning: Reference `beta_E_CI_coverage_Rom' on page 28 undefined on input line 1178.


LaTeX Warning: Reference `beta_E_CI_coverage_RMom' on page 28 undefined on input line 1178.


Package hyperref Warning: Token not allowed in a PDF string (Unicode):
(hyperref)                removing `\@ifnextchar' on input line 1184.


Package hyperref Warning: Token not allowed in a PDF string (Unicode):
(hyperref)                removing `\sout@orig' on input line 1184.


Package hyperref Warning: Token not allowed in a PDF string (Unicode):
(hyperref)                removing `\@ifnextchar' on input line 1192.


Package hyperref Warning: Token not allowed in a PDF string (Unicode):
(hyperref)                removing `\sout@orig' on input line 1192.


LaTeX Warning: Reference `bias_M_PRD_table' on page 28 undefined on input line 1198.


LaTeX Warning: Reference `term_M_bias_regtree' on page 28 undefined on input line 1205.


LaTeX Warning: Reference `terminal_M_bias_Rom' on page 28 undefined on input line 1213.


LaTeX Warning: Reference `terminal_M_bias_RMom' on page 28 undefined on input line 1213.


LaTeX Warning: Reference `terminal_M_bias_RSom' on page 28 undefined on input line 1216.


LaTeX Warning: Reference `terminal_M_bias_RMom' on page 28 undefined on input line 1219.

[28]

LaTeX Warning: Reference `rmse_M_PRD_table' on page 29 undefined on input line 1224.


LaTeX Warning: Reference `term_M_rmse_regtree' on page 29 undefined on input line 1226.


LaTeX Warning: Reference `corr_M_PRD_table' on page 29 undefined on input line 1233.


LaTeX Warning: Reference `term_M_corr_regtree' on page 29 undefined on input line 1235.


LaTeX Warning: Reference `term_M_corr_regtree' on page 29 undefined on input line 1236.

[29]

LaTeX Warning: Reference `bias_SSB_PRD_table' on page 30 undefined on input line 1248.


LaTeX Warning: Reference `term_SSB_bias_regtree' on page 30 undefined on input line 1253.


LaTeX Warning: Reference `rmse_SSB_PRD_table' on page 30 undefined on input line 1264.

[30]

LaTeX Warning: Reference `term_SSB_rmse_regtree' on page 31 undefined on input line 1267.


LaTeX Warning: Reference `term_SSB_rmse_regtree' on page 31 undefined on input line 1277.


LaTeX Warning: Reference `term_ssb_corr_regtree' on page 31 undefined on input line 1277.


LaTeX Warning: Reference `corr_ssb_PRD_table' on page 31 undefined on input line 1281.


LaTeX Warning: Reference `term_ssb_corr_regtree' on page 31 undefined on input line 1281.


LaTeX Warning: Reference `terminal_M_corr_Rom' on page 31 undefined on input line 1284.


LaTeX Warning: Reference `terminal_ssb_corr_RMom' on page 31 undefined on input line 1284.


Package natbib Warning: Citation `cadiganetal24' on page 31 undefined on input line 1301.


Package natbib Warning: Citation `boykoomeara24' on page 31 undefined on input line 1306.


Package natbib Warning: Citation `leeetal11' on page 31 undefined on input line 1308.

[31]

Package natbib Warning: Citation `milleretal_inreview1' on page 32 undefined on input line 1317.


Package natbib Warning: Citation `milleretal26' on page 32 undefined on input line 1319.


Package natbib Warning: Citation `milleretal_inreview1' on page 32 undefined on input line 1328.


Package natbib Warning: Citation `milleretal26' on page 32 undefined on input line 1330.


Package natbib Warning: Citation `derisoetal08' on page 32 undefined on input line 1336.


Package natbib Warning: Citation `derisoetal08' on page 32 undefined on input line 1344.

[32]

Package natbib Warning: Citation `zhangetal20' on page 33 undefined on input line 1370.


LaTeX Warning: Reference `terminal_M_corr_RMom' on page 33 undefined on input line 1373.


Package natbib Warning: Citation `milleretal_inreview1' on page 33 undefined on input line 1388.


Package natbib Warning: Citation `milleretal26' on page 33 undefined on input line 1390.


LaTeX Warning: Reference `terminal_ssb_bias_Rom' on page 33 undefined on input line 1394.


LaTeX Warning: Reference `terminal_ssb_bias_RMom' on page 33 undefined on input line 1395.

[33]

Package natbib Warning: Citation `legaultpalmer16' on page 34 undefined on input line 1407.


Package natbib Warning: Citation `legaultpalmer16' on page 34 undefined on input line 1410.


Package natbib Warning: Citation `lietal24' on page 34 undefined on input line 1411.


Package natbib Warning: Citation `trijouletetal20' on page 34 undefined on input line 1414.


Package natbib Warning: Citation `milleretal_inreview1' on page 34 undefined on input line 1418.


Package natbib Warning: Citation `milleretal26' on page 34 undefined on input line 1429.


Package natbib Warning: Citation `cadigan16' on page 34 undefined on input line 1429.


Package natbib Warning: Citation `stocketal21' on page 34 undefined on input line 1429.


Package natbib Warning: Citation `milleretal_inreview' on page 34 undefined on input line 1436.


Package natbib Warning: Citation `milleretal26' on page 34 undefined on input line 1438.


Package natbib Warning: Citation `augermetheetal16' on page 34 undefined on input line 1440.


Package natbib Warning: Citation `neymanscott48' on page 34 undefined on input line 1443.


Package natbib Warning: Citation `kieferwolfowitz56' on page 34 undefined on input line 1443.

[34]

Package natbib Warning: Citation `milleretal25' on page 35 undefined on input line 1468.


Package natbib Warning: Citation `pollocketal91' on page 35 undefined on input line 1469.


Package natbib Warning: Citation `hampton00' on page 35 undefined on input line 1469.

[35] [36] [37] [38] [39] [40]
Underfull \hbox (badness 10000) in paragraph at lines 1719--1722
[]\T1/lmr/m/n/12 NEFSC 2022a.  Fi-nal re-port of the had-dock re-search track as-
 []


Underfull \hbox (badness 10000) in paragraph at lines 1719--1722
\T1/lmr/m/n/12 sess-ment work-ing group.  Avail-able at https://s3.us-east-
 []


Overfull \hbox (42.7405pt too wide) in paragraph at lines 1719--1722
\T1/lmr/m/n/12 1.amazonaws.com/nefmc.org/14b_EGB_Research_Track_Haddock_WG_Report_DRAFT.pdf. 
 []

[41] [42] [43] [44]

! LaTeX Error: File `convergence_classification_plots' not found.

See the LaTeX manual or LaTeX Companion for explanation.
Type  H <return>  for immediate help.
 ...                                              
                                                  
l.1848 ...width]{convergence_classification_plots}
                                                  
I could not locate the file with any of these extensions:
.pdf,.png,.jpg,.mps,.jpeg,.jbig2,.jb2,.PDF,.PNG,.JPG,.JPEG,.JBIG2,.JB2,.eps
Try typing  <return>  to proceed.
If that doesn't work, type  X <return>  to quit.

 
Here is how much of TeX's memory you used:
 16316 strings out of 469339
 265802 string characters out of 5463855
 739036 words of memory out of 5000000
 44686 multiletter control sequences out of 15000+600000
 721717 words of font info for 120 fonts, out of 8000000 for 9000
 14 hyphenation exceptions out of 8191
 83i,12n,93p,1123b,687s stack positions out of 10000i,1000n,20000p,200000b,200000s
!  ==> Fatal error occurred, no output PDF file produced!
